// Jest Snapshot v1, https://goo.gl/fbAQLP

exports[`Button should render a button with a button name 1`] = `
<button
  className="btn btn-clear"
  id="btn-(AC)"
  onClick={[Function]}
  style={null}
>
  AC
</button>
`;
