// Jest Snapshot v1, https://goo.gl/fbAQLP

exports[`TopNav should render a navigation bar at the top of the site 1`] = `
<div>
  <nav
    className="navbar navbar-expand-lg navbar-light bg-success"
  >
    <a
      className="text-white font-weight-bolder navbar-brand"
      href="/"
    >
      Over the Counter Calculator
    </a>
    <button
      aria-controls="basic-navbar-nav"
      aria-label="Toggle navigation"
      className="navbar-toggler collapsed"
      onClick={[Function]}
      type="button"
    >
      <span
        className="navbar-toggler-icon"
      />
    </button>
    <div
      aria-expanded={null}
      className="navbar-collapse collapse"
      id="basic-navbar-nav"
    >
      <div
        className="ml-auto text-white navbar-nav"
        onKeyDown={[Function]}
      >
        <a
          className="text-white nav-link"
          data-rb-event-key="/"
          href="/"
          onClick={[Function]}
          onKeyDown={[Function]}
        >
          Home
        </a>
        <a
          className="text-white nav-link"
          data-rb-event-key="/calculator"
          href="/calculator"
          onClick={[Function]}
          onKeyDown={[Function]}
        >
          Calculator
        </a>
        <a
          className="text-white nav-link"
          data-rb-event-key="/quote-of-the-day"
          href="/quote-of-the-day"
          onClick={[Function]}
          onKeyDown={[Function]}
        >
          Quote of the Day
        </a>
      </div>
    </div>
  </nav>
</div>
`;
