// Jest Snapshot v1, https://goo.gl/fbAQLP

exports[`ButtonPanel should render groups of buttons 1`] = `""`;
