// Jest Snapshot v1, https://goo.gl/fbAQLP

exports[`should render a display and button panel 1`] = `""`;
