// Jest Snapshot v1, https://goo.gl/fbAQLP

exports[`Display should render a display for the calculated value 1`] = `""`;
