// Jest Snapshot v1, https://goo.gl/fbAQLP

exports[`QuoteOfTheDay should render a page with a quote 1`] = `""`;
